// Jest Snapshot v1, https://goo.gl/fbAQLP

exports[`Collapse should support remove expandIcon 1`] = `
<div class="ant-collapse ant-collapse-icon-position-start css-dev-only-do-not-override-1tm6q75">
  <div class="ant-collapse-item">
    <div class="ant-collapse-header" role="button" tabindex="0" aria-expanded="false">
      <div class="ant-collapse-expand-icon css-dev-only-do-not-override-1tm6q75">
        <!---->
      </div><span class="ant-collapse-header-text">header</span>
      <!---->
    </div>
    <!---->
  </div>
</div>
`;
