// Jest Snapshot v1, https://goo.gl/fbAQLP

exports[`DropdownButton should support href like Button 1`] = `
<div class="ant-btn-group css-dev-only-do-not-override-1tm6q75 ant-dropdown-button css-dev-only-do-not-override-1tm6q75"><a class="css-dev-only-do-not-override-1tm6q75 ant-btn ant-btn-default" href="https://ant.design">
    <!---->
  </a>
  <!----><button class="css-dev-only-do-not-override-1tm6q75 ant-btn ant-btn-default ant-dropdown-trigger ant-btn-icon-only" type="button"><span role="img" aria-label="ellipsis" class="anticon anticon-ellipsis"><svg focusable="false" class="" data-icon="ellipsis" width="1em" height="1em" fill="currentColor" aria-hidden="true" viewBox="64 64 896 896"><path d="M176 511a56 56 0 10112 0 56 56 0 10-112 0zm280 0a56 56 0 10112 0 56 56 0 10-112 0zm280 0a56 56 0 10112 0 56 56 0 10-112 0z"></path></svg></span></button>
</div>
`;
